[Aged Brie,-1,0] => {"Name":"Aged Brie","SellIn":-2,"Quality":2}
[Aged Brie,-1,49] => {"Name":"Aged Brie","SellIn":-2,"Quality":50}
[Aged Brie,-1,50] => {"Name":"Aged Brie","SellIn":-2,"Quality":50}
[Aged Brie,-1,51] => {"Name":"Aged Brie","SellIn":-2,"Quality":51}
[Aged Brie,0,0] => {"Name":"Aged Brie","SellIn":-1,"Quality":2}
[Aged Brie,0,49] => {"Name":"Aged Brie","SellIn":-1,"Quality":50}
[Aged Brie,0,50] => {"Name":"Aged Brie","SellIn":-1,"Quality":50}
[Aged Brie,0,51] => {"Name":"Aged Brie","SellIn":-1,"Quality":51}
[Aged Brie,5,0] => {"Name":"Aged Brie","SellIn":4,"Quality":1}
[Aged Brie,5,49] => {"Name":"Aged Brie","SellIn":4,"Quality":50}
[Aged Brie,5,50] => {"Name":"Aged Brie","SellIn":4,"Quality":50}
[Aged Brie,5,51] => {"Name":"Aged Brie","SellIn":4,"Quality":51}
[Aged Brie,6,0] => {"Name":"Aged Brie","SellIn":5,"Quality":1}
[Aged Brie,6,49] => {"Name":"Aged Brie","SellIn":5,"Quality":50}
[Aged Brie,6,50] => {"Name":"Aged Brie","SellIn":5,"Quality":50}
[Aged Brie,6,51] => {"Name":"Aged Brie","SellIn":5,"Quality":51}
[Aged Brie,10,0] => {"Name":"Aged Brie","SellIn":9,"Quality":1}
[Aged Brie,10,49] => {"Name":"Aged Brie","SellIn":9,"Quality":50}
[Aged Brie,10,50] => {"Name":"Aged Brie","SellIn":9,"Quality":50}
[Aged Brie,10,51] => {"Name":"Aged Brie","SellIn":9,"Quality":51}
[Aged Brie,11,0] => {"Name":"Aged Brie","SellIn":10,"Quality":1}
[Aged Brie,11,49] => {"Name":"Aged Brie","SellIn":10,"Quality":50}
[Aged Brie,11,50] => {"Name":"Aged Brie","SellIn":10,"Quality":50}
[Aged Brie,11,51] => {"Name":"Aged Brie","SellIn":10,"Quality":51}
[Sulfuras, Hand of Ragnaros,-1,0] => {"Name":"Sulfuras, Hand of Ragnaros","SellIn":-1,"Quality":0}
[Sulfuras, Hand of Ragnaros,-1,49] => {"Name":"Sulfuras, Hand of Ragnaros","SellIn":-1,"Quality":49}
[Sulfuras, Hand of Ragnaros,-1,50] => {"Name":"Sulfuras, Hand of Ragnaros","SellIn":-1,"Quality":50}
[Sulfuras, Hand of Ragnaros,-1,51] => {"Name":"Sulfuras, Hand of Ragnaros","SellIn":-1,"Quality":51}
[Sulfuras, Hand of Ragnaros,0,0] => {"Name":"Sulfuras, Hand of Ragnaros","SellIn":0,"Quality":0}
[Sulfuras, Hand of Ragnaros,0,49] => {"Name":"Sulfuras, Hand of Ragnaros","SellIn":0,"Quality":49}
[Sulfuras, Hand of Ragnaros,0,50] => {"Name":"Sulfuras, Hand of Ragnaros","SellIn":0,"Quality":50}
[Sulfuras, Hand of Ragnaros,0,51] => {"Name":"Sulfuras, Hand of Ragnaros","SellIn":0,"Quality":51}
[Sulfuras, Hand of Ragnaros,5,0] => {"Name":"Sulfuras, Hand of Ragnaros","SellIn":5,"Quality":0}
[Sulfuras, Hand of Ragnaros,5,49] => {"Name":"Sulfuras, Hand of Ragnaros","SellIn":5,"Quality":49}
[Sulfuras, Hand of Ragnaros,5,50] => {"Name":"Sulfuras, Hand of Ragnaros","SellIn":5,"Quality":50}
[Sulfuras, Hand of Ragnaros,5,51] => {"Name":"Sulfuras, Hand of Ragnaros","SellIn":5,"Quality":51}
[Sulfuras, Hand of Ragnaros,6,0] => {"Name":"Sulfuras, Hand of Ragnaros","SellIn":6,"Quality":0}
[Sulfuras, Hand of Ragnaros,6,49] => {"Name":"Sulfuras, Hand of Ragnaros","SellIn":6,"Quality":49}
[Sulfuras, Hand of Ragnaros,6,50] => {"Name":"Sulfuras, Hand of Ragnaros","SellIn":6,"Quality":50}
[Sulfuras, Hand of Ragnaros,6,51] => {"Name":"Sulfuras, Hand of Ragnaros","SellIn":6,"Quality":51}
[Sulfuras, Hand of Ragnaros,10,0] => {"Name":"Sulfuras, Hand of Ragnaros","SellIn":10,"Quality":0}
[Sulfuras, Hand of Ragnaros,10,49] => {"Name":"Sulfuras, Hand of Ragnaros","SellIn":10,"Quality":49}
[Sulfuras, Hand of Ragnaros,10,50] => {"Name":"Sulfuras, Hand of Ragnaros","SellIn":10,"Quality":50}
[Sulfuras, Hand of Ragnaros,10,51] => {"Name":"Sulfuras, Hand of Ragnaros","SellIn":10,"Quality":51}
[Sulfuras, Hand of Ragnaros,11,0] => {"Name":"Sulfuras, Hand of Ragnaros","SellIn":11,"Quality":0}
[Sulfuras, Hand of Ragnaros,11,49] => {"Name":"Sulfuras, Hand of Ragnaros","SellIn":11,"Quality":49}
[Sulfuras, Hand of Ragnaros,11,50] => {"Name":"Sulfuras, Hand of Ragnaros","SellIn":11,"Quality":50}
[Sulfuras, Hand of Ragnaros,11,51] => {"Name":"Sulfuras, Hand of Ragnaros","SellIn":11,"Quality":51}
[Backstage passes to a TAFKAL80ETC concert,-1,0] => {"Name":"Backstage passes to a TAFKAL80ETC concert","SellIn":-2,"Quality":0}
[Backstage passes to a TAFKAL80ETC concert,-1,49] => {"Name":"Backstage passes to a TAFKAL80ETC concert","SellIn":-2,"Quality":0}
[Backstage passes to a TAFKAL80ETC concert,-1,50] => {"Name":"Backstage passes to a TAFKAL80ETC concert","SellIn":-2,"Quality":0}
[Backstage passes to a TAFKAL80ETC concert,-1,51] => {"Name":"Backstage passes to a TAFKAL80ETC concert","SellIn":-2,"Quality":0}
[Backstage passes to a TAFKAL80ETC concert,0,0] => {"Name":"Backstage passes to a TAFKAL80ETC concert","SellIn":-1,"Quality":0}
[Backstage passes to a TAFKAL80ETC concert,0,49] => {"Name":"Backstage passes to a TAFKAL80ETC concert","SellIn":-1,"Quality":0}
[Backstage passes to a TAFKAL80ETC concert,0,50] => {"Name":"Backstage passes to a TAFKAL80ETC concert","SellIn":-1,"Quality":0}
[Backstage passes to a TAFKAL80ETC concert,0,51] => {"Name":"Backstage passes to a TAFKAL80ETC concert","SellIn":-1,"Quality":0}
[Backstage passes to a TAFKAL80ETC concert,5,0] => {"Name":"Backstage passes to a TAFKAL80ETC concert","SellIn":4,"Quality":3}
[Backstage passes to a TAFKAL80ETC concert,5,49] => {"Name":"Backstage passes to a TAFKAL80ETC concert","SellIn":4,"Quality":50}
[Backstage passes to a TAFKAL80ETC concert,5,50] => {"Name":"Backstage passes to a TAFKAL80ETC concert","SellIn":4,"Quality":50}
[Backstage passes to a TAFKAL80ETC concert,5,51] => {"Name":"Backstage passes to a TAFKAL80ETC concert","SellIn":4,"Quality":51}
[Backstage passes to a TAFKAL80ETC concert,6,0] => {"Name":"Backstage passes to a TAFKAL80ETC concert","SellIn":5,"Quality":2}
[Backstage passes to a TAFKAL80ETC concert,6,49] => {"Name":"Backstage passes to a TAFKAL80ETC concert","SellIn":5,"Quality":50}
[Backstage passes to a TAFKAL80ETC concert,6,50] => {"Name":"Backstage passes to a TAFKAL80ETC concert","SellIn":5,"Quality":50}
[Backstage passes to a TAFKAL80ETC concert,6,51] => {"Name":"Backstage passes to a TAFKAL80ETC concert","SellIn":5,"Quality":51}
[Backstage passes to a TAFKAL80ETC concert,10,0] => {"Name":"Backstage passes to a TAFKAL80ETC concert","SellIn":9,"Quality":2}
[Backstage passes to a TAFKAL80ETC concert,10,49] => {"Name":"Backstage passes to a TAFKAL80ETC concert","SellIn":9,"Quality":50}
[Backstage passes to a TAFKAL80ETC concert,10,50] => {"Name":"Backstage passes to a TAFKAL80ETC concert","SellIn":9,"Quality":50}
[Backstage passes to a TAFKAL80ETC concert,10,51] => {"Name":"Backstage passes to a TAFKAL80ETC concert","SellIn":9,"Quality":51}
[Backstage passes to a TAFKAL80ETC concert,11,0] => {"Name":"Backstage passes to a TAFKAL80ETC concert","SellIn":10,"Quality":1}
[Backstage passes to a TAFKAL80ETC concert,11,49] => {"Name":"Backstage passes to a TAFKAL80ETC concert","SellIn":10,"Quality":50}
[Backstage passes to a TAFKAL80ETC concert,11,50] => {"Name":"Backstage passes to a TAFKAL80ETC concert","SellIn":10,"Quality":50}
[Backstage passes to a TAFKAL80ETC concert,11,51] => {"Name":"Backstage passes to a TAFKAL80ETC concert","SellIn":10,"Quality":51}
[foo,-1,0] => {"Name":"foo","SellIn":-2,"Quality":0}
[foo,-1,49] => {"Name":"foo","SellIn":-2,"Quality":47}
[foo,-1,50] => {"Name":"foo","SellIn":-2,"Quality":48}
[foo,-1,51] => {"Name":"foo","SellIn":-2,"Quality":49}
[foo,0,0] => {"Name":"foo","SellIn":-1,"Quality":0}
[foo,0,49] => {"Name":"foo","SellIn":-1,"Quality":47}
[foo,0,50] => {"Name":"foo","SellIn":-1,"Quality":48}
[foo,0,51] => {"Name":"foo","SellIn":-1,"Quality":49}
[foo,5,0] => {"Name":"foo","SellIn":4,"Quality":0}
[foo,5,49] => {"Name":"foo","SellIn":4,"Quality":48}
[foo,5,50] => {"Name":"foo","SellIn":4,"Quality":49}
[foo,5,51] => {"Name":"foo","SellIn":4,"Quality":50}
[foo,6,0] => {"Name":"foo","SellIn":5,"Quality":0}
[foo,6,49] => {"Name":"foo","SellIn":5,"Quality":48}
[foo,6,50] => {"Name":"foo","SellIn":5,"Quality":49}
[foo,6,51] => {"Name":"foo","SellIn":5,"Quality":50}
[foo,10,0] => {"Name":"foo","SellIn":9,"Quality":0}
[foo,10,49] => {"Name":"foo","SellIn":9,"Quality":48}
[foo,10,50] => {"Name":"foo","SellIn":9,"Quality":49}
[foo,10,51] => {"Name":"foo","SellIn":9,"Quality":50}
[foo,11,0] => {"Name":"foo","SellIn":10,"Quality":0}
[foo,11,49] => {"Name":"foo","SellIn":10,"Quality":48}
[foo,11,50] => {"Name":"foo","SellIn":10,"Quality":49}
[foo,11,51] => {"Name":"foo","SellIn":10,"Quality":50}
